********************************************
*  SURELOG SystemVerilog  Compiler/Linter  *
********************************************

Copyright (c) 2017-2023 Alain Dargelas,
http://www.apache.org/licenses/LICENSE-2.0

VERSION: 1.84
BUILT  : Aug 23 2024
DATE   : 2026-06-28.13:05:12
COMMAND: -parse -sverilog -fileunit -nopython -o plans/uhdm-generate-dumps/mode-no-default/folded plans/uhdm-generate-dumps/mode-no-default/generate_probe_mode_no_default.sv

[INF:CM0023] Creating log file "/workspaces/vscode-svsch/plans/uhdm-generate-dumps/mode-no-default/folded/slpp_unit/surelog.log".
[INF:CM0020] Separate compilation-unit mode is on.
[WRN:PA0205] /workspaces/vscode-svsch/plans/uhdm-generate-dumps/mode-no-default/generate_probe_mode_no_default.sv:1:1: No timescale set for "leaf".
[WRN:PA0205] /workspaces/vscode-svsch/plans/uhdm-generate-dumps/mode-no-default/generate_probe_mode_no_default.sv:5:1: No timescale set for "top".
[INF:CP0300] Compilation...
[INF:CP0303] /workspaces/vscode-svsch/plans/uhdm-generate-dumps/mode-no-default/generate_probe_mode_no_default.sv:1:1: Compile module "work@leaf".
[INF:CP0303] /workspaces/vscode-svsch/plans/uhdm-generate-dumps/mode-no-default/generate_probe_mode_no_default.sv:5:1: Compile module "work@top".
[INF:CP0302] Compile class "work@mailbox".
[INF:CP0302] Compile class "work@process".
[INF:CP0302] Compile class "work@semaphore".
[INF:EL0526] Design Elaboration...
[INF:CP0335] /workspaces/vscode-svsch/plans/uhdm-generate-dumps/mode-no-default/generate_probe_mode_no_default.sv:14:16: Compile generate block "work@top.g_if_a".
[INF:CP0335] /workspaces/vscode-svsch/plans/uhdm-generate-dumps/mode-no-default/generate_probe_mode_no_default.sv:21:10: Compile generate block "work@top.g_case_0".
[INF:CP0335] /workspaces/vscode-svsch/plans/uhdm-generate-dumps/mode-no-default/generate_probe_mode_no_default.sv:33:14: Compile generate block "work@top.g_imp_true".
[NTE:EL0503] /workspaces/vscode-svsch/plans/uhdm-generate-dumps/mode-no-default/generate_probe_mode_no_default.sv:5:1: Top level module "work@top".
[ERR:EL0551] /workspaces/vscode-svsch/plans/uhdm-generate-dumps/mode-no-default/generate_probe_mode_no_default.sv:5:53: Top-level parameter with no default value "MODE".
[ERR:EL0545] /workspaces/vscode-svsch/plans/uhdm-generate-dumps/mode-no-default/generate_probe_mode_no_default.sv:20:11: Invalid generate case stmt value.
[NTE:EL0508] Nb Top level modules: 1.
[NTE:EL0509] Max instance depth: 3.
[NTE:EL0510] Nb instances: 3.
[NTE:EL0511] Nb leaf instances: 2.
[INF:UH0706] Creating UHDM Model...
[INF:UH0708] Writing UHDM DB: /workspaces/vscode-svsch/plans/uhdm-generate-dumps/mode-no-default/folded/slpp_unit/surelog.uhdm ...
[  FATAL] : 0
[ SYNTAX] : 0
[  ERROR] : 2
[WARNING] : 2
[   NOTE] : 5

********************************************
*   End SURELOG SVerilog Compiler/Linter   *
********************************************

